2020-05-28 19:35:48,460 - root - DEBUG - logger debug message
2020-05-28 19:35:48,460 - root - INFO - logger info message
2020-05-28 19:35:48,460 - root - WARNING - logger warning message
2020-05-28 19:35:48,460 - root - ERROR - logger error message
2020-05-28 19:35:48,461 - root - CRITICAL - logger critical message
